// Jest Snapshot v1, https://goo.gl/fbAQLP

exports[`Authenticator Authentication - should return a policy response 1`] = `
Object {
  "context": Object {
    "message": "Authenticate Success",
  },
  "policyDocument": Object {
    "Statement": Array [
      Object {
        "Action": "execute-api:Invoke",
        "Effect": "allow",
        "Resource": "arn:aws:execute-api:<regionId>:<accountId>:<apiId>/<stage>/POST/*",
      },
      Object {
        "Action": "execute-api:Invoke",
        "Effect": "allow",
        "Resource": "arn:aws:execute-api:<regionId>:<accountId>:<apiId>/<stage>/GET/*",
      },
    ],
    "Version": "2012-10-17",
  },
  "principalId": "1",
}
`;
